
> agendita@0.0.0 build
> vite build

[36mvite v7.1.7 [32mbuilding for production...[36m[39m
transforming...
[32mÔ£ô[39m 40 modules transformed.
node.exe : 
[31mÔ£ù[39m Build 
failed in 1.27s
En C:\Program Files\n
odejs\npm.ps1: 29 
Carácter: 3
+   & $NODE_EXE 
$NPM_CLI_JS $args
+   ~~~~~~~~~~~~~~~~~
~~~~~~~~~~~~
    + CategoryInfo   
           : NotSpe  
  cified: ([31mÔ£   
 ù[39m Build fai    
led in 1.27s:Str    
ing) [], RemoteE    
xception
    + FullyQualified 
   ErrorId : Native  
  CommandError
 
[31merror during 
build:
[31m[vite:css] 
[postcss] It looks 
like you're trying 
to use `tailwindcss` 
directly as a 
PostCSS plugin. The 
PostCSS plugin has 
moved to a separate 
package, so to 
continue using 
Tailwind CSS with 
PostCSS you'll need 
to install `@tailwind
css/postcss` and 
update your PostCSS 
configuration.[31m
file: [36mC:/Users/a
gust/Downloads/agendi
ta-main-20251205T2227
40Z-1-001/agendita-ma
in/src/styles/globals
.css:undefined:NaN[3
1m
    at at (C:\Users\a
gust\Downloads\agendi
ta-main-20251205T2227
40Z-1-001\agendita-ma
in\node_modules\tailw
indcss\dist\lib.js:38
:1629)
    at 
LazyResult.runOnRoot 
(C:\Users\agust\Downl
oads\agendita-main-20
251205T222740Z-1-001\
agendita-main\node_mo
dules\postcss\lib\laz
y-result.js:361:16)
    at 
LazyResult.runAsync (
C:\Users\agust\Downlo
ads\agendita-main-202
51205T222740Z-1-001\a
gendita-main\node_mod
ules\postcss\lib\lazy
-result.js:290:26)
    at async 
runPostCSS (file:///C
:/Users/agust/Downloa
ds/agendita-main-2025
1205T222740Z-1-001/ag
endita-main/node_modu
les/vite/dist/node/ch
unks/dep-Bm2ujbhY.js:
32132:19)
    at async 
compilePostCSS (file:
///C:/Users/agust/Dow
nloads/agendita-main-
20251205T222740Z-1-00
1/agendita-main/node_
modules/vite/dist/nod
e/chunks/dep-Bm2ujbhY
.js:32116:6)
    at async 
compileCSS (file:///C
:/Users/agust/Downloa
ds/agendita-main-2025
1205T222740Z-1-001/ag
endita-main/node_modu
les/vite/dist/node/ch
unks/dep-Bm2ujbhY.js:
32046:26)
    at async 
Object.handler (file:
///C:/Users/agust/Dow
nloads/agendita-main-
20251205T222740Z-1-00
1/agendita-main/node_
modules/vite/dist/nod
e/chunks/dep-Bm2ujbhY
.js:31579:54)
    at async 
transform (file:///C:
/Users/agust/Download
s/agendita-main-20251
205T222740Z-1-001/age
ndita-main/node_modul
es/rollup/dist/es/sha
red/node-entry.js:211
38:16)
    at async ModuleLo
ader.addModuleSource 
(file:///C:/Users/agu
st/Downloads/agendita
-main-20251205T222740
Z-1-001/agendita-main
/node_modules/rollup/
dist/es/shared/node-e
ntry.js:21351:36)[39
m
